[11:57:47][DEBUG]: ModuleManager: Component loaded: ModuleFinder
[11:57:47][DEBUG]: ModuleManager: Component loaded: DependencyResolver
[13:36:07][DEBUG]: ModuleManager: Component loaded: ModuleFinder
[13:36:07][DEBUG]: ModuleManager: Component loaded: DependencyResolver
[13:36:28][DEBUG]: ModuleManager: Component loaded: ModuleFinder
[13:36:28][DEBUG]: ModuleManager: Component loaded: DependencyResolver
[13:36:28][DEBUG]: ModuleManager: Component loaded: LoadOrderResolver
[13:58:52][DEBUG]: ModuleManager: Component loaded: ModuleFinder
[13:58:52][DEBUG]: ModuleManager: Component loaded: DependencyResolver
[13:58:52][DEBUG]: ModuleManager: Component loaded: LoadOrderResolver
[13:58:52][DEBUG]: ModuleManager: Module loaded: ShopModule
[13:58:52][DEBUG]: ModuleManager: Module loaded: CustomerModule
[13:58:52][DEBUG]: ModuleManager: Component loaded: ServiceManager
[14:02:18][DEBUG]: ModuleManager: Component loaded: ModuleFinder
[14:02:18][DEBUG]: ModuleManager: Component loaded: DependencyResolver
[14:02:18][DEBUG]: ModuleManager: Component loaded: LoadOrderResolver
[14:02:18][DEBUG]: ModuleManager: Module loaded: ShopModule
[14:02:18][DEBUG]: ModuleManager: Module loaded: CustomerModule
[14:02:18][DEBUG]: ModuleManager: Component loaded: ServiceManager
[14:03:31][DEBUG]: ModuleManager: Component loaded: ModuleFinder
[14:03:31][DEBUG]: ModuleManager: Component loaded: DependencyResolver
[14:03:31][DEBUG]: ModuleManager: Component loaded: LoadOrderResolver
[14:03:31][DEBUG]: ModuleManager: Module loaded: ShopModule
[14:03:31][DEBUG]: ModuleManager: Module loaded: CustomerModule
[14:03:31][DEBUG]: ModuleManager: Component loaded: ServiceManager
[14:04:42][DEBUG]: ModuleManager: Component loaded: ModuleFinder
[14:04:42][DEBUG]: ModuleManager: Component loaded: DependencyResolver
[14:04:42][DEBUG]: ModuleManager: Component loaded: LoadOrderResolver
[14:04:42][DEBUG]: ModuleManager: Module loaded: ShopModule
[14:04:42][DEBUG]: ModuleManager: Module loaded: CustomerModule
[14:04:42][DEBUG]: ModuleManager: Component loaded: ServiceManager
[14:06:03][DEBUG]: ModuleManager: Component loaded: ModuleFinder
[14:06:03][DEBUG]: ModuleManager: Component loaded: DependencyResolver
[14:06:03][DEBUG]: ModuleManager: Component loaded: LoadOrderResolver
[14:06:03][DEBUG]: ModuleManager: Module loaded: ShopModule
[14:06:03][DEBUG]: ModuleManager: Module loaded: CustomerModule
[14:06:03][DEBUG]: ModuleManager: Component loaded: ServiceManager
[14:06:26][DEBUG]: ModuleManager: Component loaded: ModuleFinder
[14:06:26][DEBUG]: ModuleManager: Component loaded: DependencyResolver
[14:06:26][DEBUG]: ModuleManager: Component loaded: LoadOrderResolver
[14:06:26][DEBUG]: ModuleManager: Module loaded: ShopModule
[14:06:26][DEBUG]: ModuleManager: Module loaded: CustomerModule
[14:06:26][DEBUG]: ModuleManager: Component loaded: ServiceManager
[14:09:29][DEBUG]: ModuleManager: Component loaded: ModuleFinder
[14:09:29][DEBUG]: ModuleManager: Component loaded: DependencyResolver
[14:09:29][DEBUG]: ModuleManager: Component loaded: LoadOrderResolver
[14:09:29][DEBUG]: ModuleManager: Module loaded: ShopModule
[14:09:29][DEBUG]: ModuleManager: Module loaded: CustomerModule
[14:09:29][DEBUG]: ModuleManager: Component loaded: ServiceManager
[14:10:57][DEBUG]: ModuleManager: Component loaded: ModuleFinder
[14:10:57][DEBUG]: ModuleManager: Component loaded: DependencyResolver
[14:10:57][DEBUG]: ModuleManager: Component loaded: LoadOrderResolver
[14:10:57][DEBUG]: ModuleManager: Module loaded: ShopModule
[14:10:57][DEBUG]: ModuleManager: Module loaded: CustomerModule
[14:10:57][DEBUG]: ModuleManager: Component loaded: ServiceManager
