[12:59:12][DEBUG]: ModuleManager: Component loaded: ModuleFinder
[12:59:12][DEBUG]: ModuleManager: Component loaded: ModuleIndexer
[12:59:12][DEBUG]: ModuleManager: Component loaded: DependencyResolver
[12:59:12][DEBUG]: ModuleManager: Component loaded: ServiceManager
[12:59:12][DEBUG]: ModuleManager: Module loaded: CustomerModule
[12:59:12][DEBUG]: ModuleManager: Module loaded: ShopModule
[13:01:27][DEBUG]: ModuleManager: Component loaded: ModuleFinder
[13:01:27][DEBUG]: ModuleManager: Component loaded: ModuleIndexer
[13:01:27][DEBUG]: ModuleManager: Component loaded: DependencyResolver
[13:01:27][DEBUG]: ModuleManager: Component loaded: ServiceManager
[13:01:27][DEBUG]: ModuleManager: Module loaded: CustomerModule
[13:01:27][DEBUG]: ModuleManager: Module loaded: ShopModule
[13:02:18][DEBUG]: ModuleManager: Component loaded: ModuleFinder
[13:02:18][DEBUG]: ModuleManager: Component loaded: ModuleIndexer
[13:02:18][DEBUG]: ModuleManager: Component loaded: DependencyResolver
[13:02:18][DEBUG]: ModuleManager: Component loaded: ServiceManager
[13:02:18][DEBUG]: ModuleManager: Module loaded: CustomerModule
[13:02:18][DEBUG]: ModuleManager: Module loaded: ShopModule
[13:27:02][DEBUG]: ModuleManager: Component loaded: ModuleFinder
[13:27:02][DEBUG]: ModuleManager: Component loaded: DependencyResolver
[13:27:02][DEBUG]: ModuleManager: Component loaded: ServiceManager
[13:28:11][DEBUG]: ModuleManager: Component loaded: ModuleFinder
[13:28:11][DEBUG]: ModuleManager: Component loaded: DependencyResolver
[13:28:11][DEBUG]: ModuleManager: Component loaded: ServiceManager
[13:28:21][DEBUG]: ModuleManager: Component loaded: ModuleFinder
[13:28:21][DEBUG]: ModuleManager: Component loaded: DependencyResolver
[13:28:21][DEBUG]: ModuleManager: Component loaded: ServiceManager
[13:28:21][DEBUG]: ModuleManager: Module loaded: CustomerModule
[13:28:21][DEBUG]: ModuleManager: Module loaded: ShopModule
[13:30:23][DEBUG]: ModuleManager: Component loaded: ModuleFinder
[13:30:23][DEBUG]: ModuleManager: Component loaded: DependencyResolver
[13:31:33][DEBUG]: ModuleManager: Component loaded: ModuleFinder
[13:31:33][DEBUG]: ModuleManager: Component loaded: DependencyResolver
[13:31:45][DEBUG]: ModuleManager: Component loaded: ModuleFinder
[13:31:45][DEBUG]: ModuleManager: Component loaded: DependencyResolver
[13:31:45][DEBUG]: ModuleManager: Component loaded: ServiceManager
[13:31:45][DEBUG]: ModuleManager: Module loaded: CustomerModule
[13:31:45][DEBUG]: ModuleManager: Module loaded: ShopModule
[13:32:12][DEBUG]: ModuleManager: Component loaded: ModuleFinder
[13:32:12][DEBUG]: ModuleManager: Component loaded: DependencyResolver
[13:32:35][DEBUG]: ModuleManager: Component loaded: ModuleFinder
[13:32:35][DEBUG]: ModuleManager: Component loaded: DependencyResolver
[13:42:59][DEBUG]: ModuleManager: Component loaded: ModuleFinder
[13:42:59][DEBUG]: ModuleManager: Component loaded: DependencyResolver
[13:42:59][DEBUG]: ModuleManager: Component loaded: ServiceManager
[13:42:59][DEBUG]: ModuleManager: Module loaded: CustomerModule
[13:42:59][DEBUG]: ModuleManager: Module loaded: ShopModule
[13:43:08][DEBUG]: ModuleManager: Component loaded: ModuleFinder
[13:43:08][DEBUG]: ModuleManager: Component loaded: DependencyResolver
[13:43:32][DEBUG]: ModuleManager: Component loaded: ModuleFinder
[13:43:32][DEBUG]: ModuleManager: Component loaded: DependencyResolver
[13:44:07][DEBUG]: ModuleManager: Component loaded: ModuleFinder
[13:44:07][DEBUG]: ModuleManager: Component loaded: DependencyResolver
